[bootstrap] Existing Rust 1.80.1 is too old; need >=1.85.
[bootstrap] Installing/updating user-local stable Rust (Rust >=1.85 required for edition 2024)...
info: syncing channel updates for stable-aarch64-apple-darwin
info: checking for self-update (current version: 1.29.1)
info: using existing install for stable-aarch64-apple-darwin
info: default toolchain set to stable-aarch64-apple-darwin
info: component rustfmt is up to date
info: component clippy is up to date
cargo 1.98.1 (797e8a9bc 2026-08-05)
rustc 1.98.1 (48a229cea 2026-09-01)
[1/8] Frozen-core + SDK-less contracts
PASS: code-freeze source contract
PASS: Metal performance/quality source contract
PASS: After Effects SmartFX/MFR/cache/pixel-format source contract
PASS: no Adobe SDK gate
PASS: SDK-less AE crate
PASS: PiPL crate
PASS: GPU selectors
PASS: GPU world zero-copy
PASS: Metal precise math configured
PASS: CPU frozen core bridge
PASS: release build
PASS: local signing
PASS: GPU PiPL flag
PASS: MFR PiPL flag
PASS: MFR Rust cfg pinned
PASS: GPU Rust cfg pinned
PASS: macro cfg names registered
PASS: release panic boundary
PASS: direct GPU context ownership
PASS: Rust ABI tests
PASS: C++ ABI static asserts
PASS: Rust host quality gates
PASS: external Rust flags replaced with pinned cfgs
PASS: destination cfg compile guards
PASS: parameter IDs 1..49 unique
PASS: no leading-dot Rust floats
PASS: ephemeral rustfmt build copy
PASS: v0.8.6 source freeze (49 files)
[2/8] Native bridge parity
bridge parity max_err=0
[3/8] Sanitizer smoke
bridge parity max_err=0
[4/8] Rust host quality gates
    Updating crates.io index
     Locking 76 packages to latest Rust 1.98.1 compatible versions
   Compiling proc-macro2 v1.0.107
   Compiling quote v1.0.47
   Compiling unicode-ident v1.0.26
   Compiling glob v0.3.4
   Compiling serde_core v1.0.229
   Compiling libc v0.2.189
   Compiling bitflags v2.13.2
   Compiling prettyplease v0.2.37
   Compiling cfg-if v1.0.5
   Compiling find-msvc-tools v0.1.14
   Compiling clang-sys v1.9.1
   Compiling memchr v2.8.3
   Compiling minimal-lexical v0.2.1
   Compiling serde v1.0.229
   Compiling shlex v2.0.1
   Compiling regex-syntax v0.8.11
   Compiling cc v1.5.1
   Compiling regex-automata v0.4.18
   Compiling syn v2.0.119
   Compiling nom v7.1.3
   Compiling libloading v0.8.9
   Compiling objc2 v0.6.4
   Compiling bindgen v0.72.1
   Compiling either v1.18.0
   Compiling parking_lot_core v0.9.12
   Compiling itertools v0.13.0
   Compiling cexpr v0.6.0
   Compiling regex v1.13.1
    Checking scopeguard v1.2.0
    Checking smallvec v1.16.2
   Compiling log v0.4.34
   Compiling shlex v1.3.0
   Compiling rustc-hash v2.1.3
    Checking objc2-encode v4.1.0
   Compiling toml v0.5.11
    Checking lock_api v0.4.14
   Compiling syn v3.0.6
   Compiling unicode-xid v0.2.6
   Compiling autocfg v1.5.1
   Compiling zmij v1.0.23
    Checking konst_macro_rules v0.2.19
    Checking konst v0.2.20
   Compiling winres v0.1.12
   Compiling num-traits v0.2.19
   Compiling const_format_proc_macros v0.2.34
   Compiling oslog v0.2.0
   Compiling serde_json v1.0.151
   Compiling byteorder v1.5.0
    Checking hashbrown v0.14.5
   Compiling virtue v0.0.18
    Checking once_cell v1.21.4
   Compiling pretty-hex v0.4.2
   Compiling paste v1.0.15
   Compiling pipl v0.1.1
    Checking dashmap v5.5.3
    Checking dispatch2 v0.3.1
    Checking const_format v0.2.36
   Compiling bincode_derive v2.0.1
   Compiling serde_derive v1.0.229
    Checking block2 v0.6.2
    Checking itoa v1.0.18
    Checking unty v0.0.4
    Checking cstr-literal v0.1.0
    Checking objc2-core-foundation v0.3.2
   Compiling stellar_gradient_host v0.8.6 (/Users/os3kov/Desktop/AAE/02/stellar_gradient_v0.8.6_sdkless_mac/.sdkless-build)
    Checking parking_lot v0.12.5
    Checking hash32 v1.0.0
    Checking fastrand v2.5.0
    Checking widestring v1.2.1
   Compiling after-effects-sys v0.4.0
    Checking bincode v2.0.1
    Checking after-effects v0.4.0
error[E0053]: method `handle_command` has an incompatible type for trait
   --> src/lib.rs:835:9
    |
835 |         &self,
    |         ^^^^^ types differ in mutability
    |
note: type in trait
   --> src/lib.rs:221:1
    |
221 | ae::define_effect!(Plugin, (), Params);
    | ^^^^^^^^^^^^^^^^^^^^^^^^^^^^^^^^^^^^^^
    = note: expected signature `fn(&mut Plugin, after_effects::Command, after_effects::InData, after_effects::OutData, &mut after_effects::Parameters<'_, _>) -> Result<_, _>`
               found signature `fn(&Plugin, after_effects::Command, after_effects::InData, after_effects::OutData, &mut after_effects::Parameters<'_, _>) -> Result<_, _>`
    = note: this error originates in the macro `ae::define_effect` (in Nightly builds, run with -Z macro-backtrace for more info)
help: change the self-receiver type to match the trait
    |
835 |         &mut self,
    |          +++

For more information about this error, try `rustc --explain E0053`.
error: could not compile `stellar_gradient_host` (lib) due to 1 previous error

Diagnostic report: /Users/os3kov/Desktop/AAE/02/stellar_gradient_v0.8.6_sdkless_mac/mac_first_build_report.zip
